     1                                 %line 1+1 play_E.asm
     2                                 
     3                                 [section .text]
     4                                 [global _start]
     5                                 
     6                                  halt:
     7 00000000 4831FF                  xor rdi, rdi
     8 00000003 48C7C03C000000          mov rax, 0x3c
     9 0000000A 0F05                    syscall
    10                                 
    11                                  halt_error:
    12 0000000C 4831FF                  xor rdi, rdi
    13 0000000F 48F7D7                  not rdi
    14 00000012 48C7C03C000000          mov rax, 0x3c
    15 00000019 0F05                    syscall
    16                                 
    17                                  A:
    18 0000001B 4C8B0C24                mov r9, [rsp]
    19 0000001F 4C850C24                test [rsp], r9
    20 00000023 7400                    jz .read0
    21 00000025 EB12                    jmp .read1
    22                                 
    23                                  .read0:
    24                                 
    25                                 
    26 00000027 4158                    pop r8
    27 00000029 6A01                    push 1
    28                                 
    29                                 
    30 0000002B 4C3913                  cmp [rbx], r10
    31 0000002E 7405                    je .empty_heap_0
    32 00000030 4C8B1B                  mov r11, [rbx]
    33 00000033 4153                    push r11
    34 00000035 EB1B                    jmp B
    35                                  .empty_heap_0:
    36 00000037 6A00                    push 0
    37 00000039 EB17                    jmp B
    38                                 
    39                                 
    40                                  .read1:
    41                                 
    42 0000003B 4158                    pop r8
    43                                 
    44                                 
    45 0000003D 48FFC3                  inc rbx
    46 00000040 49C7C101000000          mov r9, 1
    47 00000047 4C890B                  mov [rbx], r9
    48                                 
    49                                 
    50 0000004A 4C391424                cmp [rsp], r10
    51 0000004E 7536                    jne C
    52 00000050 6A00                    push 0
    53 00000052 EB32                    jmp C
    54                                 
    55                                 
    56                                  B:
    57 00000054 4C8B0C24                mov r9, [rsp]
    58 00000058 4C850C24                test [rsp], r9
    59 0000005C 7400                    jz .read0
    60 0000005E EB12                    jmp .read1
    61                                 
    62                                  .read0:
    63                                 
    64                                 
    65 00000060 4158                    pop r8
    66 00000062 6A01                    push 1
    67                                 
    68                                 
    69 00000064 4C3913                  cmp [rbx], r10
    70 00000067 7405                    je .empty_heap_0
    71 00000069 4C8B1B                  mov r11, [rbx]
    72 0000006C 4153                    push r11
    73 0000006E EB16                    jmp C
    74                                  .empty_heap_0:
    75 00000070 6A00                    push 0
    76 00000072 EB12                    jmp C
    77                                 
    78                                 
    79                                  .read1:
    80                                 
    81                                 
    82 00000074 4158                    pop r8
    83 00000076 6A01                    push 1
    84                                 
    85                                 
    86 00000078 4C3913                  cmp [rbx], r10
    87 0000007B 7405                    je .empty_heap_1
    88 0000007D 4C8B1B                  mov r11, [rbx]
    89 00000080 4153                    push r11
    90 00000082 EBCE                    jmp B
    91                                  .empty_heap_1:
    92 00000084 6A00                    push 0
    93 00000086 EBCA                    jmp B
    94                                 
    95                                 
    96                                  C:
    97 00000088 4C8B0C24                mov r9, [rsp]
    98 0000008C 4C850C24                test [rsp], r9
    99 00000090 7400                    jz .read0
   100 00000092 EB12                    jmp .read1
   101                                 
   102                                  .read0:
   103                                 
   104                                 
   105 00000094 4158                    pop r8
   106 00000096 6A01                    push 1
   107                                 
   108                                 
   109 00000098 4C3913                  cmp [rbx], r10
   110 0000009B 7405                    je .empty_heap_0
   111 0000009D 4C8B1B                  mov r11, [rbx]
   112 000000A0 4153                    push r11
   113 000000A2 EB1B                    jmp D
   114                                  .empty_heap_0:
   115 000000A4 6A00                    push 0
   116 000000A6 EB17                    jmp D
   117                                 
   118                                 
   119                                  .read1:
   120                                 
   121 000000A8 4158                    pop r8
   122                                 
   123                                 
   124 000000AA 48FFC3                  inc rbx
   125 000000AD 49C7C100000000          mov r9, 0
   126 000000B4 4C890B                  mov [rbx], r9
   127                                 
   128                                 
   129 000000B7 4C391424                cmp [rsp], r10
   130 000000BB 7547                    jne E
   131 000000BD 6A00                    push 0
   132 000000BF EB43                    jmp E
   133                                 
   134                                 
   135                                  D:
   136 000000C1 4C8B0C24                mov r9, [rsp]
   137 000000C5 4C850C24                test [rsp], r9
   138 000000C9 7400                    jz .read0
   139 000000CB EB1E                    jmp .read1
   140                                 
   141                                  .read0:
   142                                 
   143 000000CD 4158                    pop r8
   144                                 
   145                                 
   146 000000CF 48FFC3                  inc rbx
   147 000000D2 49C7C101000000          mov r9, 1
   148 000000D9 4C890B                  mov [rbx], r9
   149                                 
   150                                 
   151 000000DC 4C391424                cmp [rsp], r10
   152 000000E0 0F852FFFFFFF            jne A
   153 000000E6 6A00                    push 0
   154 000000E8 E929FFFFFF              jmp A
   155                                 
   156                                 
   157                                  .read1:
   158                                 
   159 000000ED 4158                    pop r8
   160                                 
   161                                 
   162 000000EF 48FFC3                  inc rbx
   163 000000F2 49C7C101000000          mov r9, 1
   164 000000F9 4C890B                  mov [rbx], r9
   165                                 
   166                                 
   167 000000FC 4C391424                cmp [rsp], r10
   168 00000100 75BD                    jne D
   169 00000102 6A00                    push 0
   170 00000104 EBB9                    jmp D
   171                                 
   172                                 
   173                                  E:
   174 00000106 4C8B0C24                mov r9, [rsp]
   175 0000010A 4C850C24                test [rsp], r9
   176 0000010E 7400                    jz .read0
   177 00000110 EB18                    jmp .read1
   178                                 
   179                                  .read0:
   180                                 
   181                                 
   182 00000112 4158                    pop r8
   183 00000114 6A01                    push 1
   184                                 
   185                                 
   186 00000116 4C3913                  cmp [rbx], r10
   187 00000119 7408                    je .empty_heap_0
   188 0000011B 4C8B1B                  mov r11, [rbx]
   189 0000011E 4153                    push r11
   190 00000120 E9D6FEFFFF              jmp halt
   191                                  .empty_heap_0:
   192 00000125 6A00                    push 0
   193 00000127 E9CFFEFFFF              jmp halt
   194                                 
   195                                 
   196                                  .read1:
   197                                 
   198 0000012C 4158                    pop r8
   199                                 
   200                                 
   201 0000012E 48FFC3                  inc rbx
   202 00000131 49C7C100000000          mov r9, 0
   203 00000138 4C890B                  mov [rbx], r9
   204                                 
   205                                 
   206 0000013B 4C391424                cmp [rsp], r10
   207 0000013F 0F85D0FEFFFF            jne A
   208 00000145 6A00                    push 0
   209 00000147 E9CAFEFFFF              jmp A
   210                                 
   211                                 
   212                                 
   213                                 
   214                                  init_heap:
   215                                 
   216 0000014C 48C7C00C000000          mov rax, 12
   217 00000153 48C7C700000000          mov rdi, 0
   218 0000015A 0F05                    syscall
   219                                 
   220 0000015C 4889C3                  mov rbx, rax
   221                                 
   222                                 
   223 0000015F 488DB880841E00          lea rdi, [rax + 2000000]
   224 00000166 48C7C00C000000          mov rax, 12
   225 0000016D 0F05                    syscall
   226                                 
   227 0000016F 4C8913                  mov [rbx], r10
   228                                 
   229 00000172 C3                      ret
   230                                 
   231                                 
   232                                  _start:
   233 00000173 49C7C202000000          mov r10, 0x2
   234 0000017A E8C8FFFFFF              call init_heap
   235 0000017F 6A02                    push 0x2
   236 00000181 6A00                    push 0
   237 00000183 E98EFEFFFF              jmp A
   238                                 
